2025-08-23 17:49:55,197 DEBUG 클러스터 기반 모델 학습 시작...
2025-08-23 17:49:55,198 DEBUG 메뉴 클러스터링 시작...
2025-08-23 17:49:56,223 DEBUG 클러스터 수: 6
2025-08-23 17:49:57,497 DEBUG 클러스터 0: 14개 메뉴, 평균매출 19.1, 타입: group
2025-08-23 17:49:57,497 DEBUG 클러스터 1: 38개 메뉴, 평균매출 21.2, 타입: other
2025-08-23 17:49:57,498 DEBUG 클러스터 2: 10개 메뉴, 평균매출 8.6, 타입: main
2025-08-23 17:49:57,498 DEBUG 클러스터 3: 6개 메뉴, 평균매출 87.5, 타입: other
2025-08-23 17:49:57,499 DEBUG 클러스터 4: 7개 메뉴, 평균매출 21.1, 타입: brunch
2025-08-23 17:49:57,499 DEBUG 클러스터 5: 118개 메뉴, 평균매출 1.9, 타입: other
2025-08-23 17:50:18,075 DEBUG 클러스터 피처: (96114, 60), 타겟: (96114, 7)
2025-08-23 17:50:18,288 DEBUG matplotlib data path: /Users/widohun/tf_env/lib/python3.10/site-packages/matplotlib/mpl-data
2025-08-23 17:50:18,325 DEBUG CONFIGDIR=/Users/widohun/.matplotlib
2025-08-23 17:50:18,341 DEBUG interactive is False
2025-08-23 17:50:18,341 DEBUG platform is darwin
2025-08-23 17:50:45,564 DEBUG 클러스터별 전용 모델 학습 중...
2025-08-23 17:51:04,713 DEBUG 전체 모델 + 6개 클러스터 모델 학습 완료
2025-08-23 17:52:53,192 DEBUG 클러스터 기반 모델 학습 시작...
2025-08-23 17:52:53,194 DEBUG 메뉴 클러스터링 시작...
2025-08-23 17:52:53,407 DEBUG 클러스터 수: 6
2025-08-23 17:52:54,540 DEBUG 클러스터 0: 14개 메뉴, 평균매출 19.1, 타입: group
2025-08-23 17:52:54,541 DEBUG 클러스터 1: 38개 메뉴, 평균매출 21.2, 타입: other
2025-08-23 17:52:54,541 DEBUG 클러스터 2: 10개 메뉴, 평균매출 8.6, 타입: main
2025-08-23 17:52:54,542 DEBUG 클러스터 3: 6개 메뉴, 평균매출 87.5, 타입: other
2025-08-23 17:52:54,542 DEBUG 클러스터 4: 7개 메뉴, 평균매출 21.1, 타입: brunch
2025-08-23 17:52:54,543 DEBUG 클러스터 5: 118개 메뉴, 평균매출 1.9, 타입: other
2025-08-23 17:53:15,881 DEBUG 클러스터 피처: (96114, 60), 타겟: (96114, 7)
2025-08-23 17:53:44,166 DEBUG 클러스터별 전용 모델 학습 중...
2025-08-23 17:54:02,969 DEBUG 전체 모델 + 6개 클러스터 모델 학습 완료
2025-08-23 17:54:02,984 DEBUG 클러스터 기반 처리: ../TEST_00.csv
2025-08-23 17:54:03,062 DEBUG 매출 여부 예측 중...
2025-08-23 17:54:04,009 DEBUG 클러스터 기반 처리: ../TEST_01.csv
2025-08-23 17:54:04,082 DEBUG 매출 여부 예측 중...
2025-08-23 17:54:05,016 DEBUG 클러스터 기반 처리: ../TEST_02.csv
2025-08-23 17:54:05,088 DEBUG 매출 여부 예측 중...
2025-08-23 17:54:05,969 DEBUG 클러스터 기반 처리: ../TEST_03.csv
2025-08-23 17:54:06,041 DEBUG 매출 여부 예측 중...
2025-08-23 17:54:06,918 DEBUG 클러스터 기반 처리: ../TEST_04.csv
2025-08-23 17:54:06,991 DEBUG 매출 여부 예측 중...
2025-08-23 17:54:07,864 DEBUG 클러스터 기반 처리: ../TEST_05.csv
2025-08-23 17:54:07,936 DEBUG 매출 여부 예측 중...
2025-08-23 17:54:08,813 DEBUG 클러스터 기반 처리: ../TEST_06.csv
2025-08-23 17:54:08,885 DEBUG 매출 여부 예측 중...
2025-08-23 17:54:09,771 DEBUG 클러스터 기반 처리: ../TEST_07.csv
2025-08-23 17:54:09,844 DEBUG 매출 여부 예측 중...
2025-08-23 17:54:10,710 DEBUG 클러스터 기반 처리: ../TEST_08.csv
2025-08-23 17:54:10,783 DEBUG 매출 여부 예측 중...
2025-08-23 17:54:11,656 DEBUG 클러스터 기반 처리: ../TEST_09.csv
2025-08-23 17:54:11,729 DEBUG 매출 여부 예측 중...
2025-08-23 17:54:12,615 DEBUG cluster_sub.csv 생성완료
2025-08-23 17:56:38,898 DEBUG 클러스터 기반 모델 학습 시작...
2025-08-23 17:56:38,900 DEBUG 메뉴 클러스터링 시작...
2025-08-23 17:56:39,076 DEBUG 클러스터 수: 6
2025-08-23 17:56:40,259 DEBUG 클러스터 0: 14개 메뉴, 평균매출 19.1, 타입: group
2025-08-23 17:56:40,260 DEBUG 클러스터 1: 38개 메뉴, 평균매출 21.2, 타입: other
2025-08-23 17:56:40,260 DEBUG 클러스터 2: 10개 메뉴, 평균매출 8.6, 타입: main
2025-08-23 17:56:40,261 DEBUG 클러스터 3: 6개 메뉴, 평균매출 87.5, 타입: other
2025-08-23 17:56:40,261 DEBUG 클러스터 4: 7개 메뉴, 평균매출 21.1, 타입: brunch
2025-08-23 17:56:40,261 DEBUG 클러스터 5: 118개 메뉴, 평균매출 1.9, 타입: other
2025-08-23 17:57:01,305 DEBUG 클러스터 피처: (96114, 60), 타겟: (96114, 7)
2025-08-23 17:57:28,273 DEBUG 클러스터별 전용 모델 학습 중...
2025-08-23 17:57:47,256 DEBUG 전체 모델 + 6개 클러스터 모델 학습 완료
2025-08-23 17:57:47,273 DEBUG 클러스터 기반 처리: ../TEST_00.csv
2025-08-23 17:57:47,349 DEBUG 매출 여부 예측 중...
2025-08-23 17:57:48,241 DEBUG 클러스터 기반 처리: ../TEST_01.csv
2025-08-23 17:57:48,313 DEBUG 매출 여부 예측 중...
2025-08-23 17:57:49,219 DEBUG 클러스터 기반 처리: ../TEST_02.csv
2025-08-23 17:57:49,291 DEBUG 매출 여부 예측 중...
2025-08-23 17:57:50,174 DEBUG 클러스터 기반 처리: ../TEST_03.csv
2025-08-23 17:57:50,247 DEBUG 매출 여부 예측 중...
2025-08-23 17:57:51,119 DEBUG 클러스터 기반 처리: ../TEST_04.csv
2025-08-23 17:57:51,190 DEBUG 매출 여부 예측 중...
2025-08-23 17:57:52,066 DEBUG 클러스터 기반 처리: ../TEST_05.csv
2025-08-23 17:57:52,137 DEBUG 매출 여부 예측 중...
2025-08-23 17:57:53,012 DEBUG 클러스터 기반 처리: ../TEST_06.csv
2025-08-23 17:57:53,086 DEBUG 매출 여부 예측 중...
2025-08-23 17:57:53,985 DEBUG 클러스터 기반 처리: ../TEST_07.csv
2025-08-23 17:57:54,057 DEBUG 매출 여부 예측 중...
2025-08-23 17:57:54,931 DEBUG 클러스터 기반 처리: ../TEST_08.csv
2025-08-23 17:57:55,067 DEBUG 매출 여부 예측 중...
2025-08-23 17:57:55,985 DEBUG 클러스터 기반 처리: ../TEST_09.csv
2025-08-23 17:57:56,058 DEBUG 매출 여부 예측 중...
2025-08-23 17:57:56,950 DEBUG cluster_sub.csv 생성완료
